86.101.250.29 - - [20/May/2015:18:05:26 +0000] "GET /presentations/logstash-scale11x/images/logstash.png HTTP/1.1" 200 47731 "http://kufli.blogspot.hu/2013_07_01_archive.html" "Mozilla/5.0 (Windows NT 6.1; WOW64) AppleWebKit/537.36 (KHTML, like Gecko) Chrome/32.0.1700.107 Safari/537.36"
74.125.176.84 - - [20/May/2015:18:05:45 +0000] "GET /?flav=rss20 HTTP/1.1" 200 29941 "-" "FeedBurner/1.0 (http://www.FeedBurner.com)"
108.171.116.194 - - [20/May/2015:18:05:23 +0000] "GET /blog/geekery/disabling-battery-in-ubuntu-vms.html?utm_source=feedburner&utm_medium=feed&utm_campaign=Feed:+semicomplete/main+(semicomplete.com+-+Jordan+Sissel) HTTP/1.1" 200 9316 "-" "Mozilla/5.0 (Windows; U; Windows NT 5.2; en-US; rv:1.8.1.4) Gecko/20070515 Firefox/2.0.0.4"
108.171.116.194 - - [20/May/2015:18:05:16 +0000] "GET /blog/geekery/tf2-wine-linux-performance-tuning.html?utm_source=feedburner&utm_medium=feed&utm_campaign=Feed:+semicomplete/main+(semicomplete.com+-+Jordan+Sissel) HTTP/1.1" 200 10021 "-" "Mozilla/5.0 (Windows; U; Windows NT 5.2; en-US; rv:1.8.1.4) Gecko/20070515 Firefox/2.0.0.4"
108.171.116.194 - - [20/May/2015:18:05:23 +0000] "GET /blog/geekery/CEE-logging-for-profit.html?utm_source=feedburner&utm_medium=feed&utm_campaign=Feed:+semicomplete/main+(semicomplete.com+-+Jordan+Sissel) HTTP/1.1" 200 13358 "-" "Mozilla/5.0 (Windows; U; Windows NT 5.2; en-US; rv:1.8.1.4) Gecko/20070515 Firefox/2.0.0.4"
108.171.116.194 - - [20/May/2015:18:05:09 +0000] "GET /blog/growing-logstash-value.html?utm_source=feedburner&utm_medium=feed&utm_campaign=Feed:+semicomplete/main+(semicomplete.com+-+Jordan+Sissel) HTTP/1.1" 200 11113 "-" "Mozilla/5.0 (Windows; U; Windows NT 5.2; en-US; rv:1.8.1.4) Gecko/20070515 Firefox/2.0.0.4"
151.250.94.199 - - [20/May/2015:18:05:14 +0000] "GET /presentations/logstash-scale11x/images/kibana-dashboard.png HTTP/1.1" 200 321631 "-" "Mozilla/5.0 (Windows NT 6.1; WOW64) AppleWebKit/537.36 (KHTML, like Gecko) Chrome/31.0.1650.63 Safari/537.36"
66.249.73.135 - - [20/May/2015:18:05:04 +0000] "GET /blog/tags/loop HTTP/1.1" 200 9699 "-" "Mozilla/5.0 (iPhone; CPU iPhone OS 6_0 like Mac OS X) AppleWebKit/536.26 (KHTML, like Gecko) Version/6.0 Mobile/10A5376e Safari/8536.25 (compatible; Googlebot/2.1; +http://www.google.com/bot.html)"
183.60.244.20 - - [20/May/2015:18:05:06 +0000] "GET / HTTP/1.1" 200 37932 "-" "Mozilla/4.0 (compatible; MSIE 6.1; Windows NT)"
108.171.116.194 - - [20/May/2015:18:05:53 +0000] "GET /blog/geekery/solving-good-or-bad-problems.html?utm_source=feedburner&utm_medium=feed&utm_campaign=Feed:+semicomplete/main+(semicomplete.com+-+Jordan+Sissel) HTTP/1.1" 200 10756 "-" "Mozilla/5.0 (Windows; U; Windows NT 5.2; en-US; rv:1.8.1.4) Gecko/20070515 Firefox/2.0.0.4"
108.171.116.194 - - [20/May/2015:18:05:45 +0000] "GET /blog/geekery/year-in-review-2011.html?utm_source=feedburner&utm_medium=feed&utm_campaign=Feed:+semicomplete/main+(semicomplete.com+-+Jordan+Sissel) HTTP/1.1" 200 11118 "-" "Mozilla/5.0 (Windows; U; Windows NT 5.2; en-US; rv:1.8.1.4) Gecko/20070515 Firefox/2.0.0.4"
108.171.116.194 - - [20/May/2015:18:05:05 +0000] "GET /blog/geekery/insist-on-better-asserts.html?utm_source=feedburner&utm_medium=feed&utm_campaign=Feed:+semicomplete/main+(semicomplete.com+-+Jordan+Sissel) HTTP/1.1" 200 9514 "-" "Mozilla/5.0 (Windows; U; Windows NT 5.2; en-US; rv:1.8.1.4) Gecko/20070515 Firefox/2.0.0.4"
108.171.116.194 - - [20/May/2015:18:05:49 +0000] "GET /blog/geekery/xdotool-2.20110530.html?utm_source=feedburner&utm_medium=feed&utm_campaign=Feed:+semicomplete/main+(semicomplete.com+-+Jordan+Sissel) HTTP/1.1" 200 11936 "-" "Mozilla/5.0 (Windows; U; Windows NT 5.2; en-US; rv:1.8.1.4) Gecko/20070515 Firefox/2.0.0.4"
66.249.73.135 - - [20/May/2015:18:05:18 +0000] "GET /?flav=rss20 HTTP/1.1" 200 29941 "-" "Mozilla/5.0 (compatible; Googlebot/2.1; +http://www.google.com/bot.html)"
134.192.71.41 - - [20/May/2015:18:05:58 +0000] "GET / HTTP/1.1" 200 37932 "-" "Mozilla/5.0 (X11; Linux x86_64; rv:17.0) Gecko/20131030 Firefox/17.0 Iceweasel/17.0.10"
134.192.71.41 - - [20/May/2015:18:05:48 +0000] "GET /reset.css HTTP/1.1" 200 1015 "http://www.semicomplete.com/" "Mozilla/5.0 (X11; Linux x86_64; rv:17.0) Gecko/20131030 Firefox/17.0 Iceweasel/17.0.10"
134.192.71.41 - - [20/May/2015:18:05:39 +0000] "GET /images/jordan-80.png HTTP/1.1" 200 6146 "http://www.semicomplete.com/" "Mozilla/5.0 (X11; Linux x86_64; rv:17.0) Gecko/20131030 Firefox/17.0 Iceweasel/17.0.10"
134.192.71.41 - - [20/May/2015:18:05:20 +0000] "GET /style2.css HTTP/1.1" 200 4877 "http://www.semicomplete.com/" "Mozilla/5.0 (X11; Linux x86_64; rv:17.0) Gecko/20131030 Firefox/17.0 Iceweasel/17.0.10"
134.192.71.41 - - [20/May/2015:18:05:19 +0000] "GET /images/web/2009/banner.png HTTP/1.1" 200 52315 "http://www.semicomplete.com/style2.css" "Mozilla/5.0 (X11; Linux x86_64; rv:17.0) Gecko/20131030 Firefox/17.0 Iceweasel/17.0.10"
134.192.71.41 - - [20/May/2015:18:05:44 +0000] "GET /favicon.ico HTTP/1.1" 200 3638 "-" "Mozilla/5.0 (X11; Linux x86_64; rv:17.0) Gecko/20131030 Firefox/17.0 Iceweasel/17.0.10"
72.9.0.86 - - [20/May/2015:18:05:19 +0000] "GET /articles/dynamic-dns-with-dhcp/ HTTP/1.1" 200 18848 "http://www.google.com/url?sa=t&rct=j&q=&esrc=s&source=web&cd=10&cad=rja&ved=0CH4QFjAJ&url=http%3A%2F%2Fwww.semicomplete.com%2Farticles%2Fdynamic-dns-with-dhcp%2F&ei=N2UCU5aBDKbQ0QGI3YKgCA&usg=AFQjCNEF1X4Rs52UYQyLiySTQxa97ozM4g&sig2=duq-YoWqw4L6deZTsmaZQQ&bvm=bv.61535280,d.dmQ" "Mozilla/5.0 (Macintosh; Intel Mac OS X 10_9_1) AppleWebKit/537.73.11 (KHTML, like Gecko) Version/7.0.1 Safari/537.73.11"
72.9.0.86 - - [20/May/2015:18:05:47 +0000] "GET /reset.css HTTP/1.1" 200 1015 "http://www.semicomplete.com/articles/dynamic-dns-with-dhcp/" "Mozilla/5.0 (Macintosh; Intel Mac OS X 10_9_1) AppleWebKit/537.73.11 (KHTML, like Gecko) Version/7.0.1 Safari/537.73.11"
72.9.0.86 - - [20/May/2015:18:05:00 +0000] "GET /style2.css HTTP/1.1" 200 4877 "http://www.semicomplete.com/articles/dynamic-dns-with-dhcp/" "Mozilla/5.0 (Macintosh; Intel Mac OS X 10_9_1) AppleWebKit/537.73.11 (KHTML, like Gecko) Version/7.0.1 Safari/537.73.11"
72.9.0.86 - - [20/May/2015:18:05:52 +0000] "GET /images/jordan-80.png HTTP/1.1" 200 6146 "http://www.semicomplete.com/articles/dynamic-dns-with-dhcp/" "Mozilla/5.0 (Macintosh; Intel Mac OS X 10_9_1) AppleWebKit/537.73.11 (KHTML, like Gecko) Version/7.0.1 Safari/537.73.11"
72.9.0.86 - - [20/May/2015:18:05:00 +0000] "GET /images/web/2009/banner.png HTTP/1.1" 200 52315 "http://www.semicomplete.com/articles/dynamic-dns-with-dhcp/" "Mozilla/5.0 (Macintosh; Intel Mac OS X 10_9_1) AppleWebKit/537.73.11 (KHTML, like Gecko) Version/7.0.1 Safari/537.73.11"
72.9.0.86 - - [20/May/2015:18:05:49 +0000] "GET /favicon.ico HTTP/1.1" 200 3638 "http://www.semicomplete.com/articles/dynamic-dns-with-dhcp/" "Mozilla/5.0 (Macintosh; Intel Mac OS X 10_9_1) AppleWebKit/537.73.11 (KHTML, like Gecko) Version/7.0.1 Safari/537.73.11"
46.105.14.53 - - [20/May/2015:19:05:48 +0000] "GET /blog/tags/puppet?flav=rss20 HTTP/1.1" 200 14872 "-" "UniversalFeedParser/4.2-pre-314-svn +http://feedparser.org/"
66.249.73.135 - - [20/May/2015:19:05:54 +0000] "GET /blog/tags/lucene HTTP/1.1" 200 10571 "-" "Mozilla/5.0 (iPhone; CPU iPhone OS 6_0 like Mac OS X) AppleWebKit/536.26 (KHTML, like Gecko) Version/6.0 Mobile/10A5376e Safari/8536.25 (compatible; Googlebot/2.1; +http://www.google.com/bot.html)"
24.114.40.26 - - [20/May/2015:19:05:52 +0000] "GET /presentations/logstash-scale11x/images/ahhh___rage_face_by_samusmmx-d5g5zap.png HTTP/1.1" 200 175208 "http://www.google.ca/search?client=safari&hl=en&tbm=isch&q=rage+face&revid=2113665764&sa=X&ei=_moCU43rO9aEoQSKpYDwDg&ved=0CDUQ1QIoAQ&dpr=2&biw=320&bih=356" "Mozilla/5.0 (iPhone; CPU iPhone OS 5_0_1 like Mac OS X) AppleWebKit/534.46 (KHTML, like Gecko) Version/5.1 Mobile/9A405 Safari/7534.48.3"
178.32.31.15 - - [20/May/2015:19:05:19 +0000] "GET /presentations/logstash-monitorama-2013/ HTTP/1.1" 200 34838 "http://semicomplete.com/" "Mozilla/5.0 (Macintosh; Intel Mac OS X 10.7; rv:22.0) Gecko/20100101 Firefox/22.0"
178.32.31.15 - - [20/May/2015:19:05:48 +0000] "GET /kibana/ HTTP/1.1" 200 4483 "http://semicomplete.com/" "Mozilla/5.0 (Macintosh; Intel Mac OS X 10.7; rv:22.0) Gecko/20100101 Firefox/22.0"
173.231.106.34 - - [20/May/2015:19:05:03 +0000] "GET /files/xdotool/docs/html/xdo_8h.html HTTP/1.1" 200 145776 "http://stackoverflow.com/questions/16122196/getting-mouseclick-coordinates-with-xlib" "Mozilla/5.0 (Windows NT 6.1; WOW64; rv:24.0) Gecko/20100101 Firefox/24.0"
173.231.106.34 - - [20/May/2015:19:05:33 +0000] "GET /files/xdotool/docs/html/tabs.css HTTP/1.1" 200 1844 "http://semicomplete.com/files/xdotool/docs/html/xdo_8h.html" "Mozilla/5.0 (Windows NT 6.1; WOW64; rv:24.0) Gecko/20100101 Firefox/24.0"
173.231.106.34 - - [20/May/2015:19:05:24 +0000] "GET /files/xdotool/docs/html/search/search.css HTTP/1.1" 200 3843 "http://semicomplete.com/files/xdotool/docs/html/xdo_8h.html" "Mozilla/5.0 (Windows NT 6.1; WOW64; rv:24.0) Gecko/20100101 Firefox/24.0"
173.231.106.34 - - [20/May/2015:19:05:59 +0000] "GET /files/xdotool/docs/html/doxygen.css HTTP/1.1" 200 7911 "http://semicomplete.com/files/xdotool/docs/html/xdo_8h.html" "Mozilla/5.0 (Windows NT 6.1; WOW64; rv:24.0) Gecko/20100101 Firefox/24.0"
173.231.106.34 - - [20/May/2015:19:05:39 +0000] "GET /files/xdotool/docs/html/search/search.js HTTP/1.1" 200 21330 "http://semicomplete.com/files/xdotool/docs/html/xdo_8h.html" "Mozilla/5.0 (Windows NT 6.1; WOW64; rv:24.0) Gecko/20100101 Firefox/24.0"
173.231.106.34 - - [20/May/2015:19:05:48 +0000] "GET /files/xdotool/docs/html/search/search.png HTTP/1.1" 200 527 "http://semicomplete.com/files/xdotool/docs/html/xdo_8h.html" "Mozilla/5.0 (Windows NT 6.1; WOW64; rv:24.0) Gecko/20100101 Firefox/24.0"
173.231.106.34 - - [20/May/2015:19:05:25 +0000] "GET /files/xdotool/docs/html/search/close.png HTTP/1.1" 200 273 "http://semicomplete.com/files/xdotool/docs/html/xdo_8h.html" "Mozilla/5.0 (Windows NT 6.1; WOW64; rv:24.0) Gecko/20100101 Firefox/24.0"
173.231.106.34 - - [20/May/2015:19:05:49 +0000] "GET /files/xdotool/docs/html/doxygen.png HTTP/1.1" 200 1281 "http://semicomplete.com/files/xdotool/docs/html/xdo_8h.html" "Mozilla/5.0 (Windows NT 6.1; WOW64; rv:24.0) Gecko/20100101 Firefox/24.0"
173.231.106.34 - - [20/May/2015:19:05:32 +0000] "GET /files/xdotool/docs/html/tab_l.gif HTTP/1.1" 200 706 "http://semicomplete.com/files/xdotool/docs/html/tabs.css" "Mozilla/5.0 (Windows NT 6.1; WOW64; rv:24.0) Gecko/20100101 Firefox/24.0"
173.231.106.34 - - [20/May/2015:19:05:17 +0000] "GET /files/xdotool/docs/html/tab_r.gif HTTP/1.1" 200 2585 "http://semicomplete.com/files/xdotool/docs/html/tabs.css" "Mozilla/5.0 (Windows NT 6.1; WOW64; rv:24.0) Gecko/20100101 Firefox/24.0"
173.231.106.34 - - [20/May/2015:19:05:25 +0000] "GET /files/xdotool/docs/html/tab_b.gif HTTP/1.1" 200 35 "http://semicomplete.com/files/xdotool/docs/html/tabs.css" "Mozilla/5.0 (Windows NT 6.1; WOW64; rv:24.0) Gecko/20100101 Firefox/24.0"
173.231.106.34 - - [20/May/2015:19:05:19 +0000] "GET /favicon.ico HTTP/1.1" 200 3638 "-" "Mozilla/5.0 (Windows NT 6.1; WOW64; rv:24.0) Gecko/20100101 Firefox/24.0"
68.180.224.225 - - [20/May/2015:19:05:36 +0000] "GET /blog/geekery/freebsd-development.html HTTP/1.1" 200 10006 "-" "Mozilla/5.0 (compatible; Yahoo! Slurp; http://help.yahoo.com/help/us/ysearch/slurp)"
50.16.19.13 - - [20/May/2015:19:05:24 +0000] "GET /blog/tags/puppet?flav=rss20 HTTP/1.1" 200 14872 "http://www.semicomplete.com/blog/tags/puppet?flav=rss20" "Tiny Tiny RSS/1.11 (http://tt-rss.org/)"
66.249.73.135 - - [20/May/2015:19:05:26 +0000] "GET /?flav=atom HTTP/1.1" 200 32352 "-" "Mozilla/5.0 (compatible; Googlebot/2.1; +http://www.google.com/bot.html)"
86.166.162.41 - - [20/May/2015:19:05:03 +0000] "GET /projects/xdotool/xdotool.xhtml HTTP/1.1" 200 50112 "http://www.google.co.uk/url?sa=t&rct=j&q=&esrc=s&source=web&cd=3&ved=0CEUQFjAC&url=http%3A%2F%2Fwww.semicomplete.com%2Fprojects%2Fxdotool%2Fxdotool.xhtml&ei=wmsCU5bXG8K2hQeJ7IHwDQ&usg=AFQjCNFwZFAI0RQdN_N0kFH-oj8cLsJRNQ&sig2=0ySvxcOTgnOGHHi_LWxmMQ" "Mozilla/5.0 (X11; Ubuntu; Linux x86_64; rv:24.0) Gecko/20100101 Firefox/24.0"
86.166.162.41 - - [20/May/2015:19:05:35 +0000] "GET /favicon.ico HTTP/1.1" 200 3638 "-" "Mozilla/5.0 (X11; Ubuntu; Linux x86_64; rv:24.0) Gecko/20100101 Firefox/24.0"
103.245.44.13 - - [20/May/2015:19:05:55 +0000] "GET /robots.txt HTTP/1.0" 200 - "-" "binlar_2.6.3 (test@mgmt.mic)"
174.36.228.156 - - [20/May/2015:19:05:46 +0000] "GET /blog HTTP/1.1" 200 37936 "-" "Mozilla/5.0 (X11; U; Linux x86_64; en-US; rv:1.9.0.19; aggregator:Spinn3r (Spinn3r 3.1); http://spinn3r.com/robot) Gecko/2010040121 Firefox/3.0.19"
23.229.67.14 - - [20/May/2015:19:05:36 +0000] "GET /presentations/logstash-1/ HTTP/1.0" 200 53270 "http://www.semicomplete.com/" "Mozilla/5.0 (Macintosh; Intel Mac OS X 10.7; rv:22.0) Gecko/20100101 Firefox/22.0"
23.229.67.14 - - [20/May/2015:19:05:02 +0000] "GET /presentations/logstash-1/ HTTP/1.0" 200 53270 "http://www.semicomplete.com/" "Mozilla/5.0 (Macintosh; Intel Mac OS X 10.7; rv:22.0) Gecko/20100101 Firefox/22.0"
66.249.73.135 - - [20/May/2015:19:05:06 +0000] "GET /blog/tags/munin HTTP/1.1" 200 9746 "-" "Mozilla/5.0 (iPhone; CPU iPhone OS 6_0 like Mac OS X) AppleWebKit/536.26 (KHTML, like Gecko) Version/6.0 Mobile/10A5376e Safari/8536.25 (compatible; Googlebot/2.1; +http://www.google.com/bot.html)"
5.10.83.23 - - [20/May/2015:19:05:40 +0000] "GET /blog/geekery/rrdtool-behavior-detection.html HTTP/1.1" 200 8500 "-" "Mozilla/5.0 (compatible; AhrefsBot/5.0; +http://ahrefs.com/robot/)"
68.180.224.225 - - [20/May/2015:19:05:55 +0000] "GET /blog/tags/extensions HTTP/1.1" 200 13317 "-" "Mozilla/5.0 (compatible; Yahoo! Slurp; http://help.yahoo.com/help/us/ysearch/slurp)"
66.249.73.135 - - [20/May/2015:19:05:15 +0000] "GET /blog/tags/firefox?flav=rss20 HTTP/1.1" 200 16021 "-" "Mozilla/5.0 (compatible; Googlebot/2.1; +http://www.google.com/bot.html)"
46.105.14.53 - - [20/May/2015:19:05:14 +0000] "GET /blog/tags/puppet?flav=rss20 HTTP/1.1" 200 14872 "-" "UniversalFeedParser/4.2-pre-314-svn +http://feedparser.org/"
5.10.83.53 - - [20/May/2015:19:05:33 +0000] "GET /files/xdotool/docs/latex/?C=N;O=A HTTP/1.1" 200 4179 "-" "Mozilla/5.0 (compatible; AhrefsBot/5.0; +http://ahrefs.com/robot/)"
108.174.55.234 - - [20/May/2015:19:05:46 +0000] "GET /?flav=rss20 HTTP/1.1" 200 29941 "-" "-"
128.118.108.67 - - [20/May/2015:19:05:13 +0000] "GET /favicon.ico HTTP/1.0" 200 3638 "-" "Safari/9537.73.11 CFNetwork/673.0.3 Darwin/13.0.0 (x86_64) (MacBookPro8%2C1)"
189.71.37.115 - - [20/May/2015:19:05:08 +0000] "GET /projects/xdotool/ HTTP/1.1" 200 12292 "-" "Mozilla/5.0 (X11; Linux x86_64; rv:27.0) Gecko/20100101 Firefox/27.0"
189.71.37.115 - - [20/May/2015:19:05:45 +0000] "GET /reset.css HTTP/1.1" 200 1015 "http://www.semicomplete.com/projects/xdotool/" "Mozilla/5.0 (X11; Linux x86_64; rv:27.0) Gecko/20100101 Firefox/27.0"
189.71.37.115 - - [20/May/2015:19:05:38 +0000] "GET /style2.css HTTP/1.1" 200 4877 "http://www.semicomplete.com/projects/xdotool/" "Mozilla/5.0 (X11; Linux x86_64; rv:27.0) Gecko/20100101 Firefox/27.0"
189.71.37.115 - - [20/May/2015:19:05:01 +0000] "GET /favicon.ico HTTP/1.1" 200 3638 "-" "Mozilla/5.0 (X11; Linux x86_64; rv:27.0) Gecko/20100101 Firefox/27.0"
189.71.37.115 - - [20/May/2015:19:05:46 +0000] "GET /images/jordan-80.png HTTP/1.1" 200 6146 "http://www.semicomplete.com/projects/xdotool/" "Mozilla/5.0 (X11; Linux x86_64; rv:27.0) Gecko/20100101 Firefox/27.0"
189.71.37.115 - - [20/May/2015:19:05:25 +0000] "GET /images/web/2009/banner.png HTTP/1.1" 200 52315 "http://www.semicomplete.com/style2.css" "Mozilla/5.0 (X11; Linux x86_64; rv:27.0) Gecko/20100101 Firefox/27.0"
66.249.73.135 - - [20/May/2015:19:05:46 +0000] "GET /blog/tags/ruby HTTP/1.1" 200 35904 "-" "Mozilla/5.0 (iPhone; CPU iPhone OS 6_0 like Mac OS X) AppleWebKit/536.26 (KHTML, like Gecko) Version/6.0 Mobile/10A5376e Safari/8536.25 (compatible; Googlebot/2.1; +http://www.google.com/bot.html)"
78.171.202.100 - - [20/May/2015:19:05:56 +0000] "GET /about/ HTTP/1.1" 200 11474 "http://www.semicomplete.com/projects/xdotool/" "Mozilla/5.0 (Windows NT 6.3; WOW64; rv:27.0) Gecko/20100101 Firefox/27.0"
12.110.81.190 - - [20/May/2015:19:05:21 +0000] "GET /projects/xdotool HTTP/1.1" 301 339 "http://tuxradar.com/content/xdotool-script-your-mouse" "Mozilla/5.0 (X11; Linux x86_64; rv:24.0) Gecko/20100101 Firefox/24.0"
12.110.81.190 - - [20/May/2015:19:05:06 +0000] "GET /projects/xdotool/ HTTP/1.1" 200 12292 "http://tuxradar.com/content/xdotool-script-your-mouse" "Mozilla/5.0 (X11; Linux x86_64; rv:24.0) Gecko/20100101 Firefox/24.0"
12.110.81.190 - - [20/May/2015:19:05:29 +0000] "GET /reset.css HTTP/1.1" 200 1015 "http://www.semicomplete.com/projects/xdotool/" "Mozilla/5.0 (X11; Linux x86_64; rv:24.0) Gecko/20100101 Firefox/24.0"
12.110.81.190 - - [20/May/2015:19:05:56 +0000] "GET /style2.css HTTP/1.1" 200 4877 "http://www.semicomplete.com/projects/xdotool/" "Mozilla/5.0 (X11; Linux x86_64; rv:24.0) Gecko/20100101 Firefox/24.0"
12.110.81.190 - - [20/May/2015:19:05:45 +0000] "GET /favicon.ico HTTP/1.1" 200 3638 "-" "Mozilla/5.0 (X11; Linux x86_64; rv:24.0) Gecko/20100101 Firefox/24.0"
12.110.81.190 - - [20/May/2015:19:05:24 +0000] "GET /images/jordan-80.png HTTP/1.1" 200 6146 "http://www.semicomplete.com/projects/xdotool/" "Mozilla/5.0 (X11; Linux x86_64; rv:24.0) Gecko/20100101 Firefox/24.0"
12.110.81.190 - - [20/May/2015:19:05:47 +0000] "GET /images/web/2009/banner.png HTTP/1.1" 200 52315 "http://www.semicomplete.com/style2.css" "Mozilla/5.0 (X11; Linux x86_64; rv:24.0) Gecko/20100101 Firefox/24.0"
103.245.44.13 - - [20/May/2015:19:05:52 +0000] "GET / HTTP/1.0" 200 37932 "-" "binlar_2.6.3 test@mgmt.mic"
195.194.187.106 - - [20/May/2015:19:05:09 +0000] "GET /blog/articles/week-of-unix-tools/day-5-xargs.html HTTP/1.1" 200 12571 "https://www.google.co.uk/" "Mozilla/5.0 (Macintosh; Intel Mac OS X 10_9_1) AppleWebKit/537.36 (KHTML, like Gecko) Chrome/32.0.1700.107 Safari/537.36"
195.194.187.106 - - [20/May/2015:19:05:22 +0000] "GET /reset.css HTTP/1.1" 200 1015 "http://www.semicomplete.com/blog/articles/week-of-unix-tools/day-5-xargs.html" "Mozilla/5.0 (Macintosh; Intel Mac OS X 10_9_1) AppleWebKit/537.36 (KHTML, like Gecko) Chrome/32.0.1700.107 Safari/537.36"
195.194.187.106 - - [20/May/2015:19:05:37 +0000] "GET /style2.css HTTP/1.1" 200 4877 "http://www.semicomplete.com/blog/articles/week-of-unix-tools/day-5-xargs.html" "Mozilla/5.0 (Macintosh; Intel Mac OS X 10_9_1) AppleWebKit/537.36 (KHTML, like Gecko) Chrome/32.0.1700.107 Safari/537.36"
195.194.187.106 - - [20/May/2015:19:05:01 +0000] "GET /images/jordan-80.png HTTP/1.1" 200 6146 "http://www.semicomplete.com/blog/articles/week-of-unix-tools/day-5-xargs.html" "Mozilla/5.0 (Macintosh; Intel Mac OS X 10_9_1) AppleWebKit/537.36 (KHTML, like Gecko) Chrome/32.0.1700.107 Safari/537.36"
195.194.187.106 - - [20/May/2015:19:05:30 +0000] "GET /images/web/2009/banner.png HTTP/1.1" 200 52315 "http://www.semicomplete.com/blog/articles/week-of-unix-tools/day-5-xargs.html" "Mozilla/5.0 (Macintosh; Intel Mac OS X 10_9_1) AppleWebKit/537.36 (KHTML, like Gecko) Chrome/32.0.1700.107 Safari/537.36"
195.194.187.106 - - [20/May/2015:19:05:35 +0000] "GET /favicon.ico HTTP/1.1" 200 3638 "-" "Mozilla/5.0 (Macintosh; Intel Mac OS X 10_9_1) AppleWebKit/537.36 (KHTML, like Gecko) Chrome/32.0.1700.107 Safari/537.36"
46.105.14.53 - - [20/May/2015:19:05:17 +0000] "GET /blog/tags/puppet?flav=rss20 HTTP/1.1" 200 14872 "-" "UniversalFeedParser/4.2-pre-314-svn +http://feedparser.org/"
148.241.190.81 - - [20/May/2015:19:05:51 +0000] "GET /images/googledotcom.png HTTP/1.0" 200 65748 "-" "Mozilla/5.0 (iPad; CPU OS 7_0_4 like Mac OS X) AppleWebKit/537.51.1 (KHTML, like Gecko) Version/7.0 Mobile/11B554a Safari/9537.53"
66.249.73.135 - - [20/May/2015:19:05:58 +0000] "GET /blog/tags/puppet HTTP/1.1" 200 22277 "-" "Mozilla/5.0 (iPhone; CPU iPhone OS 6_0 like Mac OS X) AppleWebKit/536.26 (KHTML, like Gecko) Version/6.0 Mobile/10A5376e Safari/8536.25 (compatible; Googlebot/2.1; +http://www.google.com/bot.html)"
107.170.40.197 - - [20/May/2015:19:05:29 +0000] "GET /?flav=atom HTTP/1.1" 200 32352 "-" "Feedbin - 1 subscribers"
74.125.176.150 - - [20/May/2015:19:05:42 +0000] "GET /?flav=rss20 HTTP/1.1" 200 29941 "-" "FeedBurner/1.0 (http://www.FeedBurner.com)"
47.22.128.211 - - [20/May/2015:19:05:18 +0000] "GET /favicon.ico HTTP/1.1" 200 3638 "-" "Mozilla/5.0 (Macintosh; Intel Mac OS X 10.8; rv:27.0) Gecko/20100101 Firefox/27.0"
180.76.5.151 - - [20/May/2015:19:05:46 +0000] "GET /robots.txt HTTP/1.1" 200 - "-" "Mozilla/5.0 (Windows NT 5.1; rv:6.0.2) Gecko/20100101 Firefox/6.0.2"
209.85.238.199 - - [20/May/2015:19:05:50 +0000] "GET /blog/tags/firefox?flav=rss20 HTTP/1.1" 200 16021 "-" "Feedfetcher-Google; (+http://www.google.com/feedfetcher.html; 3 subscribers; feed-id=14171215010336145331)"
198.46.149.143 - - [20/May/2015:19:05:15 +0000] "GET /blog/geekery/disabling-battery-in-ubuntu-vms.html?utm_source=feedburner&utm_medium=feed&utm_campaign=Feed%3A+semicomplete%2Fmain+%28semicomplete.com+-+Jordan+Sissel%29 HTTP/1.1" 200 9316 "-" "Tiny Tiny RSS/1.11 (http://tt-rss.org/)"
198.46.149.143 - - [20/May/2015:19:05:37 +0000] "GET /blog/geekery/solving-good-or-bad-problems.html?utm_source=feedburner&utm_medium=feed&utm_campaign=Feed%3A+semicomplete%2Fmain+%28semicomplete.com+-+Jordan+Sissel%29 HTTP/1.1" 200 10756 "-" "Tiny Tiny RSS/1.11 (http://tt-rss.org/)"
79.224.95.124 - - [20/May/2015:19:05:08 +0000] "GET /projects/xdotool/xdotool.xhtml HTTP/1.1" 200 50112 "http://www.google.com/url?sa=t&rct=j&q=&esrc=s&source=web&cd=1&cad=rja&ved=0CCgQygQwAA&url=http%3A%2F%2Fwww.semicomplete.com%2Fprojects%2Fxdotool%2Fxdotool.xhtml%23window_commands&ei=YW4CU6WPMoiUtQaVh4HwCA&usg=AFQjCNFwZFAI0RQdN_N0kFH-oj8cLsJRNQ&bvm=bv.61535280,d.Yms" "Mozilla/5.0 (X11; Ubuntu; Linux i686; rv:26.0) Gecko/20100101 Firefox/26.0"
79.224.95.124 - - [20/May/2015:19:05:26 +0000] "GET /favicon.ico HTTP/1.1" 200 3638 "-" "Mozilla/5.0 (X11; Ubuntu; Linux i686; rv:26.0) Gecko/20100101 Firefox/26.0"
184.169.185.164 - - [20/May/2015:19:05:13 +0000] "GET /?flav=atom HTTP/1.1" 200 32352 "-" "Digg Feed Fetcher 1.0 (Mozilla/5.0 (Macintosh; Intel Mac OS X 10_7_1) AppleWebKit/534.48.3 (KHTML, like Gecko) Version/5.1 Safari/534.48.3)"
82.130.48.164 - - [20/May/2015:19:05:51 +0000] "GET /projects/xdotool/ HTTP/1.1" 200 12292 "https://www.google.fi/" "Mozilla/5.0 (X11; Linux x86_64) AppleWebKit/537.36 (KHTML, like Gecko) Chrome/32.0.1700.107 Safari/537.36"
82.130.48.164 - - [20/May/2015:19:05:55 +0000] "GET /reset.css HTTP/1.1" 200 1015 "http://www.semicomplete.com/projects/xdotool/" "Mozilla/5.0 (X11; Linux x86_64) AppleWebKit/537.36 (KHTML, like Gecko) Chrome/32.0.1700.107 Safari/537.36"
82.130.48.164 - - [20/May/2015:19:05:28 +0000] "GET /style2.css HTTP/1.1" 200 4877 "http://www.semicomplete.com/projects/xdotool/" "Mozilla/5.0 (X11; Linux x86_64) AppleWebKit/537.36 (KHTML, like Gecko) Chrome/32.0.1700.107 Safari/537.36"
82.130.48.164 - - [20/May/2015:19:05:47 +0000] "GET /images/jordan-80.png HTTP/1.1" 200 6146 "http://www.semicomplete.com/projects/xdotool/" "Mozilla/5.0 (X11; Linux x86_64) AppleWebKit/537.36 (KHTML, like Gecko) Chrome/32.0.1700.107 Safari/537.36"
82.130.48.164 - - [20/May/2015:19:05:52 +0000] "GET /images/web/2009/banner.png HTTP/1.1" 200 52315 "http://www.semicomplete.com/projects/xdotool/" "Mozilla/5.0 (X11; Linux x86_64) AppleWebKit/537.36 (KHTML, like Gecko) Chrome/32.0.1700.107 Safari/537.36"
82.130.48.164 - - [20/May/2015:19:05:10 +0000] "GET /favicon.ico HTTP/1.1" 200 3638 "-" "Mozilla/5.0 (X11; Linux x86_64) AppleWebKit/537.36 (KHTML, like Gecko) Chrome/32.0.1700.107 Safari/537.36"
5.10.83.53 - - [20/May/2015:19:05:02 +0000] "GET /files/blogposts/20080310/?C=D;O=A HTTP/1.1" 200 980 "-" "Mozilla/5.0 (compatible; AhrefsBot/5.0; +http://ahrefs.com/robot/)"
46.105.14.53 - - [20/May/2015:19:05:18 +0000] "GET /blog/tags/puppet?flav=rss20 HTTP/1.1" 200 14872 "-" "UniversalFeedParser/4.2-pre-314-svn +http://feedparser.org/"
50.180.79.170 - - [20/May/2015:19:05:57 +0000] "GET /favicon.ico HTTP/1.1" 200 3638 "-" "Mozilla/5.0 (Macintosh; Intel Mac OS X 10.5; rv:16.0) Gecko/20100101 Firefox/16.0"
5.10.83.21 - - [20/May/2015:19:05:52 +0000] "GET /files/blogposts/20090519/ HTTP/1.1" 200 976 "-" "Mozilla/5.0 (compatible; AhrefsBot/5.0; +http://ahrefs.com/robot/)"
68.180.224.225 - - [20/May/2015:19:05:23 +0000] "GET /blog/geekery/keynav-on-xinerama.html HTTP/1.1" 200 8375 "-" "Mozilla/5.0 (compatible; Yahoo! Slurp; http://help.yahoo.com/help/us/ysearch/slurp)"
66.249.73.135 - - [20/May/2015:19:05:40 +0000] "GET /blog/tags/logstash HTTP/1.1" 200 19007 "-" "Mozilla/5.0 (compatible; Googlebot/2.1; +http://www.google.com/bot.html)"
66.249.73.135 - - [20/May/2015:19:05:18 +0000] "GET /blog/tags/mysql HTTP/1.1" 200 20868 "-" "Mozilla/5.0 (iPhone; CPU iPhone OS 6_0 like Mac OS X) AppleWebKit/536.26 (KHTML, like Gecko) Version/6.0 Mobile/10A5376e Safari/8536.25 (compatible; Googlebot/2.1; +http://www.google.com/bot.html)"
5.10.83.21 - - [20/May/2015:19:05:38 +0000] "GET /files/?C=M;O=A HTTP/1.1" 200 13281 "-" "Mozilla/5.0 (compatible; AhrefsBot/5.0; +http://ahrefs.com/robot/)"
72.182.137.233 - - [20/May/2015:19:05:46 +0000] "GET /presentations/logstash-scale11x/images/ahhh___rage_face_by_samusmmx-d5g5zap.png HTTP/1.1" 200 175208 "-" "Mozilla/5.0 (Linux; U; Android 4.2.2; en-us; HTC6435LVW 4G Build/JDQ39) AppleWebKit/534.30 (KHTML, like Gecko) Version/4.0 Mobile Safari/534.30"
130.117.119.80 - - [20/May/2015:19:05:33 +0000] "GET /blog/geekery/disabling-battery-in-ubuntu-vms.html?utm_source=feedburner&utm_medium=feed&utm_campaign=Feed%3A+semicomplete%2Fmain+%28semicomplete.com+-+Jordan+Sissel%29 HTTP/1.1" 200 9316 "-" "-"
5.10.83.91 - - [20/May/2015:19:05:41 +0000] "GET /presentations/hackday06 HTTP/1.1" 301 338 "-" "Mozilla/5.0 (compatible; AhrefsBot/5.0; +http://ahrefs.com/robot/)"
50.16.19.13 - - [20/May/2015:19:05:09 +0000] "GET /blog/tags/puppet?flav=rss20 HTTP/1.1" 200 14872 "http://www.semicomplete.com/blog/tags/puppet?flav=rss20" "Tiny Tiny RSS/1.11 (http://tt-rss.org/)"
66.249.73.135 - - [20/May/2015:19:05:29 +0000] "GET /blog/tags/screen HTTP/1.1" 200 26645 "-" "Mozilla/5.0 (iPhone; CPU iPhone OS 6_0 like Mac OS X) AppleWebKit/536.26 (KHTML, like Gecko) Version/6.0 Mobile/10A5376e Safari/8536.25 (compatible; Googlebot/2.1; +http://www.google.com/bot.html)"
100.43.83.137 - - [20/May/2015:19:05:03 +0000] "GET /blog/geekery/shell-shortcut-hacks.html HTTP/1.1" 200 9363 "-" "Mozilla/5.0 (compatible; YandexBot/3.0; +http://yandex.com/bots)"
209.85.238.199 - - [20/May/2015:19:05:32 +0000] "GET /?flav=rss20 HTTP/1.1" 200 29941 "-" "Feedfetcher-Google; (+http://www.google.com/feedfetcher.html; 22 subscribers; feed-id=8321906634162087507)"
46.105.14.53 - - [20/May/2015:19:05:57 +0000] "GET /blog/tags/puppet?flav=rss20 HTTP/1.1" 200 14872 "-" "UniversalFeedParser/4.2-pre-314-svn +http://feedparser.org/"
157.55.33.17 - - [20/May/2015:19:05:24 +0000] "GET /blog/geekery/screen-solaris-terminfo.html HTTP/1.1" 200 9239 "-" "Mozilla/5.0 (compatible; bingbot/2.0; +http://www.bing.com/bingbot.htm)"
91.232.96.8 - - [20/May/2015:19:05:26 +0000] "GET /presentations/logstash-1/ HTTP/1.1" 200 53270 "-" "Mozilla/4.0 (compatible; MSIE 6.0; Windows NT 5.1; SV1)"
91.232.96.8 - - [20/May/2015:19:05:31 +0000] "GET /presentations/logstash-1/ HTTP/1.1" 200 53270 "-" "Mozilla/4.0 (compatible; MSIE 6.0; Windows NT 5.1; SV1)"
91.232.96.8 - - [20/May/2015:19:05:09 +0000] "GET /presentations/logstash-1/ HTTP/1.1" 200 53270 "-" "Mozilla/4.0 (compatible; MSIE 6.0; Windows NT 5.1; SV1)"
91.232.96.8 - - [20/May/2015:19:05:01 +0000] "GET /presentations/logstash-1/ HTTP/1.1" 200 53270 "-" "Mozilla/4.0 (compatible; MSIE 6.0; Windows NT 5.1; SV1)"
91.232.96.8 - - [20/May/2015:19:05:31 +0000] "GET /presentations/logstash-1/ HTTP/1.1" 200 53270 "-" "Mozilla/4.0 (compatible; MSIE 6.0; Windows NT 5.1; SV1)"
157.56.92.151 - - [20/May/2015:19:05:50 +0000] "GET /images/jordan-80.png HTTP/1.1" 200 6146 "-" "Mozilla/5.0 (compatible; bingbot/2.0; +http://www.bing.com/bingbot.htm)"
82.130.49.223 - - [20/May/2015:19:05:12 +0000] "GET /projects/xdotool/ HTTP/1.1" 200 12292 "http://www.google.fi/url?sa=t&rct=j&q=&esrc=s&source=web&cd=1&ved=0CC4QFjAA&url=http%3A%2F%2Fwww.semicomplete.com%2Fprojects%2Fxdotool%2F&ei=JXACU475N9CUhQeck4DgCw&usg=AFQjCNE3V_aCf3-gfNcbS924S6jZ6FqffA&sig2=LhpFDliSOw9nz5r-y6pqLg&bvm=bv.61535280,d.ZG4" "Mozilla/5.0 (Windows NT 6.1; WOW64; rv:27.0) Gecko/20100101 Firefox/27.0"
82.130.49.223 - - [20/May/2015:19:05:37 +0000] "GET /reset.css HTTP/1.1" 200 1015 "http://www.semicomplete.com/projects/xdotool/" "Mozilla/5.0 (Windows NT 6.1; WOW64; rv:27.0) Gecko/20100101 Firefox/27.0"
82.130.49.223 - - [20/May/2015:19:05:06 +0000] "GET /style2.css HTTP/1.1" 200 4877 "http://www.semicomplete.com/projects/xdotool/" "Mozilla/5.0 (Windows NT 6.1; WOW64; rv:27.0) Gecko/20100101 Firefox/27.0"
82.130.49.223 - - [20/May/2015:19:05:23 +0000] "GET /favicon.ico HTTP/1.1" 200 3638 "-" "Mozilla/5.0 (Windows NT 6.1; WOW64; rv:27.0) Gecko/20100101 Firefox/27.0"
82.130.49.223 - - [20/May/2015:19:05:21 +0000] "GET /images/jordan-80.png HTTP/1.1" 200 6146 "http://www.semicomplete.com/projects/xdotool/" "Mozilla/5.0 (Windows NT 6.1; WOW64; rv:27.0) Gecko/20100101 Firefox/27.0"
82.130.49.223 - - [20/May/2015:19:05:12 +0000] "GET /images/web/2009/banner.png HTTP/1.1" 200 52315 "http://www.semicomplete.com/style2.css" "Mozilla/5.0 (Windows NT 6.1; WOW64; rv:27.0) Gecko/20100101 Firefox/27.0"
31.4.197.143 - - [20/May/2015:19:05:06 +0000] "GET /articles/ssh-security/ HTTP/1.1" 200 16543 "http://r.duckduckgo.com/l/?kh=-1&uddg=http%3A%2F%2Fwww.semicomplete.com%2Farticles%2Fssh-security%2F" "Mozilla/5.0 (Android; Mobile; rv:27.0) Gecko/27.0 Firefox/27.0"
31.4.197.143 - - [20/May/2015:19:05:31 +0000] "GET /reset.css HTTP/1.1" 200 1015 "http://www.semicomplete.com/articles/ssh-security/" "Mozilla/5.0 (Android; Mobile; rv:27.0) Gecko/27.0 Firefox/27.0"
31.4.197.143 - - [20/May/2015:19:05:28 +0000] "GET /style2.css HTTP/1.1" 200 4877 "http://www.semicomplete.com/articles/ssh-security/" "Mozilla/5.0 (Android; Mobile; rv:27.0) Gecko/27.0 Firefox/27.0"
31.4.197.143 - - [20/May/2015:19:05:39 +0000] "GET /images/jordan-80.png HTTP/1.1" 200 6146 "http://www.semicomplete.com/articles/ssh-security/" "Mozilla/5.0 (Android; Mobile; rv:27.0) Gecko/27.0 Firefox/27.0"
31.4.197.143 - - [20/May/2015:19:05:01 +0000] "GET /images/web/2009/banner.png HTTP/1.1" 200 52315 "http://www.semicomplete.com/style2.css" "Mozilla/5.0 (Android; Mobile; rv:27.0) Gecko/27.0 Firefox/27.0"
31.4.197.143 - - [20/May/2015:19:05:31 +0000] "GET /favicon.ico HTTP/1.1" 200 3638 "-" "Mozilla/5.0 (Android; Mobile; rv:27.0) Gecko/27.0 Firefox/27.0"
128.118.108.67 - - [20/May/2015:19:05:20 +0000] "GET /favicon.ico HTTP/1.0" 200 3638 "-" "Safari/9537.73.11 CFNetwork/673.0.3 Darwin/13.0.0 (x86_64) (MacBookPro8%2C1)"
84.215.206.35 - - [20/May/2015:19:05:57 +0000] "GET /projects/xdotool/xdotool.xhtml HTTP/1.1" 200 50112 "-" "Mozilla/5.0 (X11; Ubuntu; Linux x86_64; rv:27.0) Gecko/20100101 Firefox/27.0"
84.215.206.35 - - [20/May/2015:19:05:43 +0000] "GET /favicon.ico HTTP/1.1" 200 3638 "-" "Mozilla/5.0 (X11; Ubuntu; Linux x86_64; rv:27.0) Gecko/20100101 Firefox/27.0"
208.91.156.11 - - [20/May/2015:19:05:20 +0000] "GET /files/logstash/logstash-1.3.2-monolithic.jar HTTP/1.1" 404 324 "-" "Chef Client/10.18.2 (ruby-1.9.3-p327; ohai-6.16.0; x86_64-linux; +http://opscode.com)"
66.249.73.135 - - [20/May/2015:19:05:09 +0000] "GET /blog/tags/speed HTTP/1.1" 200 10903 "-" "Mozilla/5.0 (iPhone; CPU iPhone OS 6_0 like Mac OS X) AppleWebKit/536.26 (KHTML, like Gecko) Version/6.0 Mobile/10A5376e Safari/8536.25 (compatible; Googlebot/2.1; +http://www.google.com/bot.html)"
162.211.96.55 - - [20/May/2015:19:05:53 +0000] "GET /projects/xdotool/ HTTP/1.1" 200 12292 "http://stackoverflow.com/questions/3983946/get-active-window-title-in-x" "Mozilla/5.0 (X11; Linux x86_64) AppleWebKit/537.36 (KHTML, like Gecko) Chrome/32.0.1700.107 Safari/537.36"
162.211.96.55 - - [20/May/2015:19:05:25 +0000] "GET /reset.css HTTP/1.1" 200 1015 "http://www.semicomplete.com/projects/xdotool/" "Mozilla/5.0 (X11; Linux x86_64) AppleWebKit/537.36 (KHTML, like Gecko) Chrome/32.0.1700.107 Safari/537.36"
162.211.96.55 - - [20/May/2015:19:05:14 +0000] "GET /style2.css HTTP/1.1" 200 4877 "http://www.semicomplete.com/projects/xdotool/" "Mozilla/5.0 (X11; Linux x86_64) AppleWebKit/537.36 (KHTML, like Gecko) Chrome/32.0.1700.107 Safari/537.36"
162.211.96.55 - - [20/May/2015:19:05:41 +0000] "GET /images/jordan-80.png HTTP/1.1" 200 6146 "http://www.semicomplete.com/projects/xdotool/" "Mozilla/5.0 (X11; Linux x86_64) AppleWebKit/537.36 (KHTML, like Gecko) Chrome/32.0.1700.107 Safari/537.36"
162.211.96.55 - - [20/May/2015:19:05:47 +0000] "GET /images/web/2009/banner.png HTTP/1.1" 200 52315 "http://www.semicomplete.com/projects/xdotool/" "Mozilla/5.0 (X11; Linux x86_64) AppleWebKit/537.36 (KHTML, like Gecko) Chrome/32.0.1700.107 Safari/537.36"
162.211.96.55 - - [20/May/2015:19:05:49 +0000] "GET /favicon.ico HTTP/1.1" 200 3638 "-" "Mozilla/5.0 (X11; Linux x86_64) AppleWebKit/537.36 (KHTML, like Gecko) Chrome/32.0.1700.107 Safari/537.36"
46.105.14.53 - - [20/May/2015:19:05:27 +0000] "GET /blog/tags/puppet?flav=rss20 HTTP/1.1" 200 14872 "-" "UniversalFeedParser/4.2-pre-314-svn +http://feedparser.org/"
184.185.208.221 - - [20/May/2015:19:05:56 +0000] "GET / HTTP/1.1" 200 37932 "-" "Mozilla/4.0 (compatible; MSIE 5.0; Windows NT; DigExt; DTS Agent"
184.185.208.221 - - [20/May/2015:20:05:34 +0000] "GET / HTTP/1.1" 200 37932 "-" "Mozilla/4.0 (compatible; MSIE 5.0; Windows NT; DigExt; DTS Agent"
184.66.149.103 - - [20/May/2015:20:05:35 +0000] "GET /presentations/logstash-monitorama-2013/images/kibana-dashboard3.png HTTP/1.1" 200 171717 "-" "Mozilla/5.0 (X11; Linux x86_64) AppleWebKit/537.36 (KHTML, like Gecko) Chrome/32.0.1700.102 Safari/537.36"
184.66.149.103 - - [20/May/2015:20:05:14 +0000] "GET /presentations/logstash-monitorama-2013/ HTTP/1.1" 200 34838 "https://www.google.ca/" "Mozilla/5.0 (X11; Linux x86_64) AppleWebKit/537.36 (KHTML, like Gecko) Chrome/32.0.1700.102 Safari/537.36"
184.66.149.103 - - [20/May/2015:20:05:22 +0000] "GET /presentations/logstash-monitorama-2013/css/reveal.min.css HTTP/1.1" 200 23581 "http://semicomplete.com/presentations/logstash-monitorama-2013/" "Mozilla/5.0 (X11; Linux x86_64) AppleWebKit/537.36 (KHTML, like Gecko) Chrome/32.0.1700.102 Safari/537.36"
184.66.149.103 - - [20/May/2015:20:05:27 +0000] "GET /presentations/logstash-monitorama-2013/css/theme/night-jls.css HTTP/1.1" 200 3811 "http://semicomplete.com/presentations/logstash-monitorama-2013/" "Mozilla/5.0 (X11; Linux x86_64) AppleWebKit/537.36 (KHTML, like Gecko) Chrome/32.0.1700.102 Safari/537.36"
184.66.149.103 - - [20/May/2015:20:05:20 +0000] "GET /presentations/logstash-monitorama-2013/lib/css/zenburn.css HTTP/1.1" 200 1791 "http://semicomplete.com/presentations/logstash-monitorama-2013/" "Mozilla/5.0 (X11; Linux x86_64) AppleWebKit/537.36 (KHTML, like Gecko) Chrome/32.0.1700.102 Safari/537.36"
184.66.149.103 - - [20/May/2015:20:05:45 +0000] "GET /presentations/logstash-monitorama-2013/css/extra.css HTTP/1.1" 200 1753 "http://semicomplete.com/presentations/logstash-monitorama-2013/" "Mozilla/5.0 (X11; Linux x86_64) AppleWebKit/537.36 (KHTML, like Gecko) Chrome/32.0.1700.102 Safari/537.36"
184.66.149.103 - - [20/May/2015:20:05:30 +0000] "GET /presentations/logstash-monitorama-2013/images/logstash.png HTTP/1.1" 200 47731 "http://semicomplete.com/presentations/logstash-monitorama-2013/" "Mozilla/5.0 (X11; Linux x86_64) AppleWebKit/537.36 (KHTML, like Gecko) Chrome/32.0.1700.102 Safari/537.36"
184.66.149.103 - - [20/May/2015:20:05:16 +0000] "GET /presentations/logstash-monitorama-2013/css/fonts/OpenSans.css HTTP/1.1" 200 863 "http://semicomplete.com/presentations/logstash-monitorama-2013/" "Mozilla/5.0 (X11; Linux x86_64) AppleWebKit/537.36 (KHTML, like Gecko) Chrome/32.0.1700.102 Safari/537.36"
184.66.149.103 - - [20/May/2015:20:05:38 +0000] "GET /presentations/logstash-monitorama-2013/css/fonts/Roboto.css HTTP/1.1" 200 357 "http://semicomplete.com/presentations/logstash-monitorama-2013/" "Mozilla/5.0 (X11; Linux x86_64) AppleWebKit/537.36 (KHTML, like Gecko) Chrome/32.0.1700.102 Safari/537.36"
184.66.149.103 - - [20/May/2015:20:05:02 +0000] "GET /presentations/logstash-monitorama-2013/lib/js/head.min.js HTTP/1.1" 200 3170 "http://semicomplete.com/presentations/logstash-monitorama-2013/" "Mozilla/5.0 (X11; Linux x86_64) AppleWebKit/537.36 (KHTML, like Gecko) Chrome/32.0.1700.102 Safari/537.36"
184.66.149.103 - - [20/May/2015:20:05:47 +0000] "GET /presentations/logstash-monitorama-2013/js/reveal.min.js HTTP/1.1" 200 18091 "http://semicomplete.com/presentations/logstash-monitorama-2013/" "Mozilla/5.0 (X11; Linux x86_64) AppleWebKit/537.36 (KHTML, like Gecko) Chrome/32.0.1700.102 Safari/537.36"
184.66.149.103 - - [20/May/2015:20:05:33 +0000] "GET /presentations/logstash-monitorama-2013/images/Dreamhost_logo.svg HTTP/1.1" 200 2126 "http://semicomplete.com/presentations/logstash-monitorama-2013/" "Mozilla/5.0 (X11; Linux x86_64) AppleWebKit/537.36 (KHTML, like Gecko) Chrome/32.0.1700.102 Safari/537.36"
184.66.149.103 - - [20/May/2015:20:05:15 +0000] "GET /presentations/logstash-monitorama-2013/images/frontend-response-codes.png HTTP/1.1" 200 52878 "http://semicomplete.com/presentations/logstash-monitorama-2013/" "Mozilla/5.0 (X11; Linux x86_64) AppleWebKit/537.36 (KHTML, like Gecko) Chrome/32.0.1700.102 Safari/537.36"
184.66.149.103 - - [20/May/2015:20:05:14 +0000] "GET /presentations/logstash-monitorama-2013/css/fonts/xjAJXh38I15wypJXxuGMBp0EAVxt0G0biEntp43Qt6E.ttf HTTP/1.1" 200 34416 "http://semicomplete.com/presentations/logstash-monitorama-2013/" "Mozilla/5.0 (X11; Linux x86_64) AppleWebKit/537.36 (KHTML, like Gecko) Chrome/32.0.1700.102 Safari/537.36"
184.66.149.103 - - [20/May/2015:20:05:21 +0000] "GET /presentations/logstash-monitorama-2013/plugin/markdown/showdown.js HTTP/1.1" 200 9904 "http://semicomplete.com/presentations/logstash-monitorama-2013/" "Mozilla/5.0 (X11; Linux x86_64) AppleWebKit/537.36 (KHTML, like Gecko) Chrome/32.0.1700.102 Safari/537.36"
184.66.149.103 - - [20/May/2015:20:05:37 +0000] "GET /presentations/logstash-monitorama-2013/css/fonts/cJZKeOuBrn4kERxqtaUH3aCWcynf_cDxXwCLxiixG1c.ttf HTTP/1.1" 200 36492 "http://semicomplete.com/presentations/logstash-monitorama-2013/" "Mozilla/5.0 (X11; Linux x86_64) AppleWebKit/537.36 (KHTML, like Gecko) Chrome/32.0.1700.102 Safari/537.36"
184.66.149.103 - - [20/May/2015:20:05:18 +0000] "GET /presentations/logstash-monitorama-2013/plugin/markdown/markdown.js HTTP/1.1" 200 1187 "http://semicomplete.com/presentations/logstash-monitorama-2013/" "Mozilla/5.0 (X11; Linux x86_64) AppleWebKit/537.36 (KHTML, like Gecko) Chrome/32.0.1700.102 Safari/537.36"
184.66.149.103 - - [20/May/2015:20:05:52 +0000] "GET /presentations/logstash-monitorama-2013/plugin/highlight/highlight.js HTTP/1.1" 200 26185 "http://semicomplete.com/presentations/logstash-monitorama-2013/" "Mozilla/5.0 (X11; Linux x86_64) AppleWebKit/537.36 (KHTML, like Gecko) Chrome/32.0.1700.102 Safari/537.36"
184.66.149.103 - - [20/May/2015:20:05:47 +0000] "GET /presentations/logstash-monitorama-2013/images/nagios-sms5.png HTTP/1.1" 200 78075 "http://semicomplete.com/presentations/logstash-monitorama-2013/" "Mozilla/5.0 (X11; Linux x86_64) AppleWebKit/537.36 (KHTML, like Gecko) Chrome/32.0.1700.102 Safari/537.36"
184.66.149.103 - - [20/May/2015:20:05:40 +0000] "GET /presentations/logstash-monitorama-2013/images/kibana-dashboard.png HTTP/1.1" 200 321631 "http://semicomplete.com/presentations/logstash-monitorama-2013/" "Mozilla/5.0 (X11; Linux x86_64) AppleWebKit/537.36 (KHTML, like Gecko) Chrome/32.0.1700.102 Safari/537.36"
184.66.149.103 - - [20/May/2015:20:05:56 +0000] "GET /presentations/logstash-monitorama-2013/images/kibana-dashboard2.png HTTP/1.1" 200 394967 "http://semicomplete.com/presentations/logstash-monitorama-2013/" "Mozilla/5.0 (X11; Linux x86_64) AppleWebKit/537.36 (KHTML, like Gecko) Chrome/32.0.1700.102 Safari/537.36"
184.66.149.103 - - [20/May/2015:20:05:46 +0000] "GET /presentations/logstash-monitorama-2013/plugin/zoom-js/zoom.js HTTP/1.1" 200 7697 "http://semicomplete.com/presentations/logstash-monitorama-2013/" "Mozilla/5.0 (X11; Linux x86_64) AppleWebKit/537.36 (KHTML, like Gecko) Chrome/32.0.1700.102 Safari/537.36"
184.66.149.103 - - [20/May/2015:20:05:47 +0000] "GET /presentations/logstash-monitorama-2013/plugin/notes/notes.js HTTP/1.1" 200 2892 "http://semicomplete.com/presentations/logstash-monitorama-2013/" "Mozilla/5.0 (X11; Linux x86_64) AppleWebKit/537.36 (KHTML, like Gecko) Chrome/32.0.1700.102 Safari/537.36"
184.66.149.103 - - [20/May/2015:20:05:53 +0000] "GET /presentations/logstash-monitorama-2013/images/apache-icon.gif HTTP/1.1" 200 8095 "http://semicomplete.com/presentations/logstash-monitorama-2013/" "Mozilla/5.0 (X11; Linux x86_64) AppleWebKit/537.36 (KHTML, like Gecko) Chrome/32.0.1700.102 Safari/537.36"
184.66.149.103 - - [20/May/2015:20:05:47 +0000] "GET /presentations/logstash-monitorama-2013/images/redis.png HTTP/1.1" 200 25230 "http://semicomplete.com/presentations/logstash-monitorama-2013/" "Mozilla/5.0 (X11; Linux x86_64) AppleWebKit/537.36 (KHTML, like Gecko) Chrome/32.0.1700.102 Safari/537.36"
184.66.149.103 - - [20/May/2015:20:05:31 +0000] "GET /presentations/logstash-monitorama-2013/css/fonts/Roboto-Bold.ttf HTTP/1.1" 200 38720 "http://semicomplete.com/presentations/logstash-monitorama-2013/" "Mozilla/5.0 (X11; Linux x86_64) AppleWebKit/537.36 (KHTML, like Gecko) Chrome/32.0.1700.102 Safari/537.36"
184.66.149.103 - - [20/May/2015:20:05:26 +0000] "GET /presentations/logstash-monitorama-2013/css/fonts/Roboto-Regular.ttf HTTP/1.1" 200 41820 "http://semicomplete.com/presentations/logstash-monitorama-2013/" "Mozilla/5.0 (X11; Linux x86_64) AppleWebKit/537.36 (KHTML, like Gecko) Chrome/32.0.1700.102 Safari/537.36"
184.66.149.103 - - [20/May/2015:20:05:57 +0000] "GET /presentations/logstash-monitorama-2013/images/elasticsearch.png HTTP/1.1" 200 8026 "http://semicomplete.com/presentations/logstash-monitorama-2013/" "Mozilla/5.0 (X11; Linux x86_64) AppleWebKit/537.36 (KHTML, like Gecko) Chrome/32.0.1700.102 Safari/537.36"
184.66.149.103 - - [20/May/2015:20:05:52 +0000] "GET /presentations/logstash-monitorama-2013/images/logstashbook.png HTTP/1.1" 200 54662 "http://semicomplete.com/presentations/logstash-monitorama-2013/" "Mozilla/5.0 (X11; Linux x86_64) AppleWebKit/537.36 (KHTML, like Gecko) Chrome/32.0.1700.102 Safari/537.36"
184.66.149.103 - - [20/May/2015:20:05:39 +0000] "GET /presentations/logstash-monitorama-2013/images/github-contributions.png HTTP/1.1" 200 34245 "http://semicomplete.com/presentations/logstash-monitorama-2013/" "Mozilla/5.0 (X11; Linux x86_64) AppleWebKit/537.36 (KHTML, like Gecko) Chrome/32.0.1700.102 Safari/537.36"
184.66.149.103 - - [20/May/2015:20:05:59 +0000] "GET /presentations/logstash-monitorama-2013/css/print/paper.css HTTP/1.1" 200 4254 "http://semicomplete.com/presentations/logstash-monitorama-2013/" "Mozilla/5.0 (X11; Linux x86_64) AppleWebKit/537.36 (KHTML, like Gecko) Chrome/32.0.1700.102 Safari/537.36"
184.66.149.103 - - [20/May/2015:20:05:58 +0000] "GET /presentations/logstash-monitorama-2013/images/1983_delorean_dmc-12-pic-38289.jpeg HTTP/1.1" 200 220562 "http://semicomplete.com/presentations/logstash-monitorama-2013/" "Mozilla/5.0 (X11; Linux x86_64) AppleWebKit/537.36 (KHTML, like Gecko) Chrome/32.0.1700.102 Safari/537.36"
184.66.149.103 - - [20/May/2015:20:05:30 +0000] "GET /presentations/logstash-monitorama-2013/images/tiered-outputs-to-inputs.jpg HTTP/1.1" 200 1079983 "http://semicomplete.com/presentations/logstash-monitorama-2013/" "Mozilla/5.0 (X11; Linux x86_64) AppleWebKit/537.36 (KHTML, like Gecko) Chrome/32.0.1700.102 Safari/537.36"
184.66.149.103 - - [20/May/2015:20:05:54 +0000] "GET /presentations/logstash-monitorama-2013/images/kibana-search.png HTTP/1.1" 200 203023 "http://semicomplete.com/presentations/logstash-monitorama-2013/" "Mozilla/5.0 (X11; Linux x86_64) AppleWebKit/537.36 (KHTML, like Gecko) Chrome/32.0.1700.102 Safari/537.36"
184.66.149.103 - - [20/May/2015:20:05:23 +0000] "GET /presentations/logstash-monitorama-2013/images/simple-inputs-filters-outputs.jpg HTTP/1.1" 200 1168622 "http://semicomplete.com/presentations/logstash-monitorama-2013/" "Mozilla/5.0 (X11; Linux x86_64) AppleWebKit/537.36 (KHTML, like Gecko) Chrome/32.0.1700.102 Safari/537.36"
184.66.149.103 - - [20/May/2015:20:05:11 +0000] "GET /presentations/logstash-monitorama-2013/images/sad-medic.png HTTP/1.1" 200 430406 "http://semicomplete.com/presentations/logstash-monitorama-2013/" "Mozilla/5.0 (X11; Linux x86_64) AppleWebKit/537.36 (KHTML, like Gecko) Chrome/32.0.1700.102 Safari/537.36"
184.66.149.103 - - [20/May/2015:20:05:16 +0000] "GET /favicon.ico HTTP/1.1" 200 3638 "-" "Mozilla/5.0 (X11; Linux x86_64) AppleWebKit/537.36 (KHTML, like Gecko) Chrome/32.0.1700.102 Safari/537.36"
87.64.176.135 - - [20/May/2015:20:05:52 +0000] "GET /blog/tags/deb HTTP/1.1" 200 11275 "https://encrypted.google.com/url?sa=t&rct=j&q=fpm+packager&source=web&cd=3&ved=0CEMQFjAC&url=http%3A%2F%2Fwww.semicomplete.com%2Fblog%2Ftags%2Fdeb&ei=F3ECU92HIILmywPH74L4Aw&usg=AFQjCNHupsJ49QDhyWDEfoWvxMYKgXNwZg&sig2=Ui6CijZqbcJ0He2ALh1jqA" "Mozilla/5.0 (X11; Linux x86_64) AppleWebKit/537.36 (KHTML, like Gecko) Chrome/31.0.1650.63 Safari/537.36"
87.64.176.135 - - [20/May/2015:20:05:05 +0000] "GET /reset.css HTTP/1.1" 200 1015 "http://www.semicomplete.com/blog/tags/deb" "Mozilla/5.0 (X11; Linux x86_64) AppleWebKit/537.36 (KHTML, like Gecko) Chrome/31.0.1650.63 Safari/537.36"
87.64.176.135 - - [20/May/2015:20:05:29 +0000] "GET /style2.css HTTP/1.1" 200 4877 "http://www.semicomplete.com/blog/tags/deb" "Mozilla/5.0 (X11; Linux x86_64) AppleWebKit/537.36 (KHTML, like Gecko) Chrome/31.0.1650.63 Safari/537.36"
87.64.176.135 - - [20/May/2015:20:05:34 +0000] "GET /images/jordan-80.png HTTP/1.1" 200 6146 "http://www.semicomplete.com/blog/tags/deb" "Mozilla/5.0 (X11; Linux x86_64) AppleWebKit/537.36 (KHTML, like Gecko) Chrome/31.0.1650.63 Safari/537.36"
87.64.176.135 - - [20/May/2015:20:05:32 +0000] "GET /images/web/2009/banner.png HTTP/1.1" 200 52315 "http://www.semicomplete.com/blog/tags/deb" "Mozilla/5.0 (X11; Linux x86_64) AppleWebKit/537.36 (KHTML, like Gecko) Chrome/31.0.1650.63 Safari/537.36"
81.34.53.43 - - [20/May/2015:20:05:00 +0000] "GET /projects/keynav/ HTTP/1.1" 200 18985 "https://www.google.fr/" "Mozilla/5.0 (Windows NT 6.1; WOW64) AppleWebKit/537.36 (KHTML, like Gecko) Chrome/31.0.1650.63 Safari/537.36"
81.34.53.43 - - [20/May/2015:20:05:54 +0000] "GET /reset.css HTTP/1.1" 200 1015 "http://www.semicomplete.com/projects/keynav/" "Mozilla/5.0 (Windows NT 6.1; WOW64) AppleWebKit/537.36 (KHTML, like Gecko) Chrome/31.0.1650.63 Safari/537.36"
81.34.53.43 - - [20/May/2015:20:05:46 +0000] "GET /style2.css HTTP/1.1" 200 4877 "http://www.semicomplete.com/projects/keynav/" "Mozilla/5.0 (Windows NT 6.1; WOW64) AppleWebKit/537.36 (KHTML, like Gecko) Chrome/31.0.1650.63 Safari/537.36"
81.34.53.43 - - [20/May/2015:20:05:38 +0000] "GET /images/jordan-80.png HTTP/1.1" 200 6146 "http://www.semicomplete.com/projects/keynav/" "Mozilla/5.0 (Windows NT 6.1; WOW64) AppleWebKit/537.36 (KHTML, like Gecko) Chrome/31.0.1650.63 Safari/537.36"
81.34.53.43 - - [20/May/2015:20:05:37 +0000] "GET /projects/keynav/demo-thumb.png HTTP/1.1" 200 15141 "http://www.semicomplete.com/projects/keynav/" "Mozilla/5.0 (Windows NT 6.1; WOW64) AppleWebKit/537.36 (KHTML, like Gecko) Chrome/31.0.1650.63 Safari/537.36"
81.34.53.43 - - [20/May/2015:20:05:54 +0000] "GET /images/web/2009/banner.png HTTP/1.1" 200 52315 "http://www.semicomplete.com/projects/keynav/" "Mozilla/5.0 (Windows NT 6.1; WOW64) AppleWebKit/537.36 (KHTML, like Gecko) Chrome/31.0.1650.63 Safari/537.36"
81.34.53.43 - - [20/May/2015:20:05:09 +0000] "GET /favicon.ico HTTP/1.1" 200 3638 "-" "Mozilla/5.0 (Windows NT 6.1; WOW64) AppleWebKit/537.36 (KHTML, like Gecko) Chrome/31.0.1650.63 Safari/537.36"
184.148.132.111 - - [20/May/2015:20:05:43 +0000] "GET /presentations/logstash-scale11x/images/ahhh___rage_face_by_samusmmx-d5g5zap.png HTTP/1.1" 200 175208 "-" "Mozilla/5.0 (Windows NT 6.1; WOW64; Trident/7.0; rv:11.0) like Gecko"
209.85.238.199 - - [20/May/2015:20:05:12 +0000] "GET /?flav=atom HTTP/1.1" 200 32352 "-" "Feedfetcher-Google; (+http://www.google.com/feedfetcher.html; 16 subscribers; feed-id=3389821348893992437)"
66.249.73.135 - - [20/May/2015:20:05:47 +0000] "GET /blog/tags/usability HTTP/1.1" 200 10185 "-" "Mozilla/5.0 (iPhone; CPU iPhone OS 6_0 like Mac OS X) AppleWebKit/536.26 (KHTML, like Gecko) Version/6.0 Mobile/10A5376e Safari/8536.25 (compatible; Googlebot/2.1; +http://www.google.com/bot.html)"
76.21.44.161 - - [20/May/2015:20:05:39 +0000] "GET /files/dynamic-dns-with-dhcp/dhcpd.conf HTTP/1.1" 200 2269 "https://www.google.com/" "Mozilla/5.0 (iPad; CPU OS 7_0_4 like Mac OS X) AppleWebKit/537.51.1 (KHTML, like Gecko) Version/7.0 Mobile/11B554a Safari/9537.53"
74.125.176.145 - - [20/May/2015:20:05:58 +0000] "GET /?flav=rss20 HTTP/1.1" 200 29941 "-" "FeedBurner/1.0 (http://www.FeedBurner.com)"
46.166.199.137 - - [20/May/2015:20:05:20 +0000] "GET /projects/xdotool/ HTTP/1.0" 200 12292 "http://www.semicomplete.com/projects/xdotool/" "Mozilla/5.0 (Windows; U; Windows NT 6.1; en-US) AppleWebKit/534.10 (KHTML, like Gecko) Chrome/8.0.552.224 Safari/534.10"
209.118.149.82 - - [20/May/2015:20:05:48 +0000] "GET /blog/geekery/ssl-latency.html HTTP/1.1" 200 17147 "http://ilovetechnique.wordpress.com/2013/07/24/using-of-curl/" "Mozilla/5.0 (Windows NT 6.1; WOW64) AppleWebKit/537.36 (KHTML, like Gecko) Chrome/32.0.1700.76 Safari/537.36"
209.118.149.82 - - [20/May/2015:20:05:11 +0000] "GET /reset.css HTTP/1.1" 200 1015 "http://www.semicomplete.com/blog/geekery/ssl-latency.html" "Mozilla/5.0 (Windows NT 6.1; WOW64) AppleWebKit/537.36 (KHTML, like Gecko) Chrome/32.0.1700.76 Safari/537.36"
